============================= test session starts =============================
platform win32 -- Python 3.9.1, pytest-6.2.4, py-1.10.0, pluggy-0.13.1
rootdir: C:\Users\jonat\documents\vyxal
collected 310 items

test_elements.py ....................................................... [ 17%]
........................................................................ [ 40%]
........................................................................ [ 64%]
........................................................................ [ 87%]
........................FFFFFF.F.......                                  [100%]

================================== FAILURES ===================================
_________________________ test_AllLessThanIncreasing __________________________

    def test_AllLessThanIncreasing():
    
        stack = [vyxalify(item) for item in [[1,2,3,2,1,4,3,2,1], 3]]
        expected = vyxalify([1,2])
        ctx = Context()
    
        ctx.stacks.append(stack)
    
        code = transpile('▐<')
        print('▐<', code)
        exec(code)
    
        ctx.stacks.pop()
        actual = vyxalify(stack[-1])
    
        if vy_type(actual, simple=True) is list or vy_type(expected, simple=True) is list:
>           assert all(list(equals(actual, expected, ctx))) or non_vectorising_equals(actual, expected, ctx)
E           assert (False or 0)
E            +  where False = all([0, 0])
E            +    where [0, 0] = list(<vyxal.LazyList.LazyList object at 0x000001EF4C3EF520>)
E            +      where <vyxal.LazyList.LazyList object at 0x000001EF4C3EF520> = equals(3, [1, 2], <vyxal.context.Context object at 0x000001EF4C3EF0A0>)
E            +  and   0 = non_vectorising_equals(3, [1, 2], <vyxal.context.Context object at 0x000001EF4C3EF0A0>)

test_elements.py:15637: AssertionError
---------------------------- Captured stdout call -----------------------------
▐< pass


________________________________ test_Untruth _________________________________

    def test_Untruth():
    
        stack = [vyxalify(item) for item in [[1]]]
        expected = vyxalify([0,1])
        ctx = Context()
    
        ctx.stacks.append(stack)
    
        code = transpile('\xde\u01d4')
        print('\xde\u01d4', code)
        exec(code)
    
        ctx.stacks.pop()
        actual = vyxalify(stack[-1])
    
        if vy_type(actual, simple=True) is list or vy_type(expected, simple=True) is list:
>           assert all(list(equals(actual, expected, ctx))) or non_vectorising_equals(actual, expected, ctx)
E           assert (False or 0)
E            +  where False = all([0, 0])
E            +    where [0, 0] = list(<vyxal.LazyList.LazyList object at 0x000001EF4C761A30>)
E            +      where <vyxal.LazyList.LazyList object at 0x000001EF4C761A30> = equals([1], [0, 1], <vyxal.context.Context object at 0x000001EF4C761CA0>)
E            +  and   0 = non_vectorising_equals([1], [0, 1], <vyxal.context.Context object at 0x000001EF4C761CA0>)

test_elements.py:15677: AssertionError
---------------------------- Captured stdout call -----------------------------
\xde\u01d4 pass\n\n
________________________ test_MultidimensionalIndexing ________________________

    def test_MultidimensionalIndexing():
    
        stack = [vyxalify(item) for item in [[1,[2,3]],[0,1]]]
        expected = vyxalify(3)
        ctx = Context()
    
        ctx.stacks.append(stack)
    
        code = transpile('▐i')
        print('▐i', code)
        exec(code)
    
        ctx.stacks.pop()
        actual = vyxalify(stack[-1])
    
        if vy_type(actual, simple=True) is list or vy_type(expected, simple=True) is list:
>           assert all(list(equals(actual, expected, ctx))) or non_vectorising_equals(actual, expected, ctx)
E           assert (False or 0)
E            +  where False = all([0, 0])
E            +    where [0, 0] = list(<vyxal.LazyList.LazyList object at 0x000001EF4C3DB490>)
E            +      where <vyxal.LazyList.LazyList object at 0x000001EF4C3DB490> = equals([0, 1], 3, <vyxal.context.Context object at 0x000001EF4C3DBE80>)
E            +  and   0 = non_vectorising_equals([0, 1], 3, <vyxal.context.Context object at 0x000001EF4C3DBE80>)

test_elements.py:15717: AssertionError
---------------------------- Captured stdout call -----------------------------
▐i pass


_________________________ test_MultidimensionalSearch _________________________

    def test_MultidimensionalSearch():
    
        stack = [vyxalify(item) for item in [[[1,2,3],[4,5,6]], 5]]
        expected = vyxalify([1, 1])
        ctx = Context()
    
        ctx.stacks.append(stack)
    
        code = transpile('\xde\u1e1f')
        print('\xde\u1e1f', code)
        exec(code)
    
        ctx.stacks.pop()
        actual = vyxalify(stack[-1])
    
        if vy_type(actual, simple=True) is list or vy_type(expected, simple=True) is list:
>           assert all(list(equals(actual, expected, ctx))) or non_vectorising_equals(actual, expected, ctx)
E           assert (False or 0)
E            +  where False = all([0, 0])
E            +    where [0, 0] = list(<vyxal.LazyList.LazyList object at 0x000001EF4C761970>)
E            +      where <vyxal.LazyList.LazyList object at 0x000001EF4C761970> = equals(5, [1, 1], <vyxal.context.Context object at 0x000001EF4C761BE0>)
E            +  and   0 = non_vectorising_equals(5, [1, 1], <vyxal.context.Context object at 0x000001EF4C761BE0>)

test_elements.py:15757: AssertionError
---------------------------- Captured stdout call -----------------------------
\xde\u1e1f pass\n\n
_______________________________ test_ZeroMatrix _______________________________

    def test_ZeroMatrix():
    
        stack = [vyxalify(item) for item in [[3,4]]]
        expected = vyxalify([[0,0,0],[0,0,0],[0,0,0],[0,0,0]])
        ctx = Context()
    
        ctx.stacks.append(stack)
    
        code = transpile('▐m')
        print('▐m', code)
        exec(code)
    
        ctx.stacks.pop()
        actual = vyxalify(stack[-1])
    
        if vy_type(actual, simple=True) is list or vy_type(expected, simple=True) is list:
            assert all(list(equals(actual, expected, ctx))) or non_vectorising_equals(actual, expected, ctx)
        else:
            assert equals(actual, expected, ctx) or non_vectorising_equals(actual, expected, ctx)
    
    
        stack = [vyxalify(item) for item in [[2,3,2]]]
        expected = vyxalify([[0,0],[0,0]])
        ctx = Context()
    
        ctx.stacks.append(stack)
    
        code = transpile('▐m')
        print('▐m', code)
        exec(code)
    
        ctx.stacks.pop()
        actual = vyxalify(stack[-1])
    
        if vy_type(actual, simple=True) is list or vy_type(expected, simple=True) is list:
>           assert all(list(equals(actual, expected, ctx))) or non_vectorising_equals(actual, expected, ctx)
E           assert (False or 0)
E            +  where False = all([<vyxal.LazyList.LazyList object at 0x000001EF4CCE8B50>, <vyxal.LazyList.LazyList object at 0x000001EF4CCE8F10>, 0])
E            +    where [<vyxal.LazyList.LazyList object at 0x000001EF4CCE8B50>, <vyxal.LazyList.LazyList object at 0x000001EF4CCE8F10>, 0] = list(<vyxal.LazyList.LazyList object at 0x000001EF4CCE8CD0>)
E            +      where <vyxal.LazyList.LazyList object at 0x000001EF4CCE8CD0> = equals([2, 3, 2], [[0, 0], [0, 0]], <vyxal.context.Context object at 0x000001EF4C02AE50>)
E            +  and   0 = non_vectorising_equals([2, 3, 2], [[0, 0], [0, 0]], <vyxal.context.Context object at 0x000001EF4C02AE50>)

test_elements.py:15816: AssertionError
---------------------------- Captured stdout call -----------------------------
▐m pass


▐m pass


____________________________ test_EvenlyDistribute ____________________________

    def test_EvenlyDistribute():
    
        stack = [vyxalify(item) for item in [[1,2,3],6]]
        expected = vyxalify([3,4,5])
        ctx = Context()
    
        ctx.stacks.append(stack)
    
        code = transpile('▐à')
        print('▐à', code)
        exec(code)
    
        ctx.stacks.pop()
        actual = vyxalify(stack[-1])
    
        if vy_type(actual, simple=True) is list or vy_type(expected, simple=True) is list:
>           assert all(list(equals(actual, expected, ctx))) or non_vectorising_equals(actual, expected, ctx)
E           assert (False or 0)
E            +  where False = all([0, 0, 0])
E            +    where [0, 0, 0] = list(<vyxal.LazyList.LazyList object at 0x000001EF50D6A9D0>)
E            +      where <vyxal.LazyList.LazyList object at 0x000001EF50D6A9D0> = equals(6, [3, 4, 5], <vyxal.context.Context object at 0x000001EF50D6A910>)
E            +  and   0 = non_vectorising_equals(6, [3, 4, 5], <vyxal.context.Context object at 0x000001EF50D6A910>)

test_elements.py:15837: AssertionError
---------------------------- Captured stdout call -----------------------------
▐à pass


______________________________ test_UniquifyMask ______________________________

    def test_UniquifyMask():
    
        stack = [vyxalify(item) for item in [[1,2,3,1,2,3]]]
        expected = vyxalify([1,1,1,0,0,0])
        ctx = Context()
    
        ctx.stacks.append(stack)
    
        code = transpile('▐U')
        print('▐U', code)
        exec(code)
    
        ctx.stacks.pop()
        actual = vyxalify(stack[-1])
    
        if vy_type(actual, simple=True) is list or vy_type(expected, simple=True) is list:
>           assert all(list(equals(actual, expected, ctx))) or non_vectorising_equals(actual, expected, ctx)
E           assert (False or 0)
E            +  where False = all([1, 0, 0, 0, 0, 0])
E            +    where [1, 0, 0, 0, 0, 0] = list(<vyxal.LazyList.LazyList object at 0x000001EF4CCE8F40>)
E            +      where <vyxal.LazyList.LazyList object at 0x000001EF4CCE8F40> = equals([1, 2, 3, 1, 2, 3], [1, 1, 1, 0, 0, 0], <vyxal.context.Context object at 0x000001EF4C0CBDF0>)
E            +  and   0 = non_vectorising_equals([1, 2, 3, 1, 2, 3], [1, 1, 1, 0, 0, 0], <vyxal.context.Context object at 0x000001EF4C0CBDF0>)

test_elements.py:15917: AssertionError
---------------------------- Captured stdout call -----------------------------
▐U pass


=========================== short test summary info ===========================
FAILED test_elements.py::test_AllLessThanIncreasing - assert (False or 0)
FAILED test_elements.py::test_Untruth - assert (False or 0)
FAILED test_elements.py::test_MultidimensionalIndexing - assert (False or 0)
FAILED test_elements.py::test_MultidimensionalSearch - assert (False or 0)
FAILED test_elements.py::test_ZeroMatrix - assert (False or 0)
FAILED test_elements.py::test_EvenlyDistribute - assert (False or 0)
FAILED test_elements.py::test_UniquifyMask - assert (False or 0)
======================= 7 failed, 303 passed in 26.02s ========================
